// Vitest Snapshot v1

exports[`App dom test > render test 1`] = `
<div
  class="App"
>
  <header
    class="App-header"
  >
    <p>
      ごちうサイクル - ご注文はサイクルですか？ -
    </p>
  </header>
  <div>
    <button
      type="button"
    >
      回転
    </button>
    <button
      type="button"
    >
      逆回転
    </button>
  </div>
</div>
`;
